TYPE ERROR: Expected type: AnyNat at position [2] of COND function.    Actual: List[>=0]