Error! Parameter of COND is not a list.    Actual: 34