Error! Right side of TIMES is not numeric!    Actual: T
