TYPE ERROR: Expected type: AnyNat at position [1] of LESS function.    Actual: List[>=0]
