EMPTY LIST ERROR: Expected list at position [1] of CDR function to be non-empty