Error! Left side of GREATER is not numeric!    Actual: NIL
