Expected either an ATOM or OPEN or CLOSE token.
Actual: EOF_TOKEN    Value: EOF