Expected either an ATOM or OPEN or CLOSE token.
Actual: ERROR_TOKEN    Value: 4541W