Expected either an ATOM or OPEN token.
Actual: ERROR_TOKEN    Value: 804735923759KHDAFKDH