TYPE ERROR: Expected type: List[>=1] at position [1] of CDR function.    Actual: True
