EMPTY LIST ERROR: Expected list of conditions of COND function to be non-empty.