TYPE ERROR: Expected type: List[>=2] at position [1] of COND function.    Actual: AnyNat