Error! Parameter at position: 1 of function PLUS is not numeric!    Actual: TIM