TYPE ERROR: Expected CAR of list to be function, not numeric.    Actual: 1