TYPE ERROR: Expected type: AnyNat at position [1] of EQ function.    Actual: List[>=1]