EMPTY LIST ERROR: Expected list at position [1] of CAR function to be non-empty