Error! Parameter at position: 2 of function PLUS is not atomic!    Actual: (34 . 20)
