TYPE ERROR: Expected length of PLUS list is 3!    Actual: 4
