TYPE ERROR: Expected length of CONS list is 3!    Actual: 4
