List[>=2]
List[>=4]
List[>=2]
False
List[>=2]
List[>=1]