Error! Left side of MINUS is not numeric!    Actual: (34 . 20)
