TYPE ERROR: Expected type: List[>=1] at position [1] of CAR function.    Actual: AnyNat
