Length of actual parameters does not match length of formal parameters for function: DIFF
Expected: 2    Actual: 1