Error! Left side of EQ is not atomic!    Actual: (23)
